// Jest Snapshot v1, https://goo.gl/fbAQLP

exports[`App Component App component should render correctly 1`] = `
Array [
  <nav
    className="jsx-1896995305"
  >
    <img
      alt="icon"
      className="jsx-1896995305 icon"
      src="/icons/y18.gif"
    />
    <button
      className="jsx-1896995305 active"
      onClick={[Function]}
      type="button"
    >
      top
    </button>
    <span
      className="jsx-1896995305"
    >
       | 
    </span>
    <button
      className="jsx-1896995305 "
      onClick={[Function]}
      type="button"
    >
      new
    </button>
  </nav>,
  <ul
    className="jsx-130854398"
  >
    <li
      className="jsx-130854398"
    >
      <button
        className="jsx-602828219"
        onClick={[Function]}
        type="button"
      >
        More
      </button>
    </li>
  </ul>,
]
`;
